=== Building PyInstaller binary ===
608 INFO: PyInstaller: 6.14.0, contrib hooks: 2025.4
624 INFO: Python: 3.13.3
628 INFO: Platform: Linux-6.14.9-hardened1-1-hardened-x86_64-with-glibc2.41
628 INFO: Python environment: /usr
629 INFO: wrote /home/datavikingr/code/gsw/gsw.spec
635 INFO: Module search paths (PYTHONPATH):
['/usr/lib/python313.zip',
 '/usr/lib/python3.13',
 '/usr/lib/python3.13/lib-dynload',
 '/home/datavikingr/.local/lib/python3.13/site-packages',
 '/usr/lib/python3.13/site-packages',
 '/home/datavikingr/.local/lib/python3.13/site-packages/setuptools/_vendor',
 '/home/datavikingr/code/gsw']
2615 INFO: checking Analysis
2677 INFO: Building because /home/datavikingr/code/gsw/gsw.py changed
2677 INFO: Running Analysis Analysis-00.toc
2678 INFO: Target bytecode optimization level: 0
2678 INFO: Initializing module dependency graph...
2683 INFO: Initializing module graph hook caches...
2776 INFO: Analyzing modules for base_library.zip ...
5493 INFO: Processing standard module hook 'hook-encodings.py' from '/home/datavikingr/.local/lib/python3.13/site-packages/PyInstaller/hooks'
9025 INFO: Processing standard module hook 'hook-heapq.py' from '/home/datavikingr/.local/lib/python3.13/site-packages/PyInstaller/hooks'
19057 INFO: Processing standard module hook 'hook-pickle.py' from '/home/datavikingr/.local/lib/python3.13/site-packages/PyInstaller/hooks'
29701 INFO: Caching module dependency graph...
29954 INFO: Looking for Python shared library...
29985 INFO: Using Python shared library: /usr/lib/libpython3.13.so.1.0
29985 INFO: Analyzing /home/datavikingr/code/gsw/gsw.py
30160 INFO: Processing module hooks (post-graph stage)...
30184 INFO: Performing binary vs. data reclassification (1 entries)
30252 INFO: Looking for ctypes DLLs
30280 INFO: Analyzing run-time hooks ...
30284 INFO: Including run-time hook 'pyi_rth_inspect.py' from '/home/datavikingr/.local/lib/python3.13/site-packages/PyInstaller/hooks/rthooks'
30315 INFO: Creating base_library.zip...
30489 INFO: Looking for dynamic libraries
31762 INFO: Warnings written to /home/datavikingr/code/gsw/build/gsw/warn-gsw.txt
31817 INFO: Graph cross-reference written to /home/datavikingr/code/gsw/build/gsw/xref-gsw.html
31872 INFO: checking PYZ
31909 INFO: checking PKG
31913 INFO: Building because toc changed
31913 INFO: Building PKG (CArchive) gsw.pkg
37598 INFO: Building PKG (CArchive) gsw.pkg completed successfully.
37605 INFO: Bootloader /home/datavikingr/.local/lib/python3.13/site-packages/PyInstaller/bootloader/Linux-64bit-intel/run
37606 INFO: checking EXE
37730 INFO: Building because toc changed
37731 INFO: Building EXE from EXE-00.toc
38122 INFO: Copying bootloader EXE to /home/datavikingr/code/gsw/dist/gsw
38126 INFO: Appending PKG archive to custom ELF section in EXE
38243 INFO: Building EXE from EXE-00.toc completed successfully.
38254 INFO: Build complete! The results are available in: /home/datavikingr/code/gsw/dist
Build complete! Thanks for maintaining gsw!
🎉 All builds complete! Distributables available in dist/
Dumping this run's logs to git-tracked file: logs/most_recent.log.
