Version bumped to 3.3.0
Changelog message: === Building PyInstaller binary ===
37 INFO: PyInstaller: 6.14.0, contrib hooks: 2025.4
37 INFO: Python: 3.13.3
38 INFO: Platform: Linux-6.14.8-200.nobara.fc42.x86_64-x86_64-with-glibc2.41
38 INFO: Python environment: /home/datavikingr/code/gsw/.venv
38 INFO: wrote /home/datavikingr/code/gsw/gsw.spec
38 INFO: Module search paths (PYTHONPATH):
['/usr/lib64/python313.zip',
 '/usr/lib64/python3.13',
 '/usr/lib64/python3.13/lib-dynload',
 '/home/datavikingr/code/gsw/.venv/lib64/python3.13/site-packages',
 '/home/datavikingr/code/gsw/.venv/lib/python3.13/site-packages',
 '/home/datavikingr/code/gsw/.venv/lib64/python3.13/site-packages/setuptools/_vendor',
 '/home/datavikingr/code/gsw']
118 INFO: checking Analysis
123 INFO: checking PYZ
128 INFO: checking PKG
128 INFO: Bootloader /home/datavikingr/code/gsw/.venv/lib64/python3.13/site-packages/PyInstaller/bootloader/Linux-64bit-intel/run
128 INFO: checking EXE
128 INFO: Build complete! The results are available in: /home/datavikingr/code/gsw/dist
Build complete! Thanks for maintaining gsw!
🎉 All builds complete! Distributables available in dist/
Dumping this run's logs to git-tracked file: logs/most_recent.log.
=== Building PyInstaller binary ===
608 INFO: PyInstaller: 6.14.0, contrib hooks: 2025.4
624 INFO: Python: 3.13.3
628 INFO: Platform: Linux-6.14.9-hardened1-1-hardened-x86_64-with-glibc2.41
628 INFO: Python environment: /usr
629 INFO: wrote /home/datavikingr/code/gsw/gsw.spec
635 INFO: Module search paths (PYTHONPATH):
['/usr/lib/python313.zip',
 '/usr/lib/python3.13',
 '/usr/lib/python3.13/lib-dynload',
 '/home/datavikingr/.local/lib/python3.13/site-packages',
 '/usr/lib/python3.13/site-packages',
 '/home/datavikingr/.local/lib/python3.13/site-packages/setuptools/_vendor',
 '/home/datavikingr/code/gsw']
2615 INFO: checking Analysis
2677 INFO: Building because /home/datavikingr/code/gsw/gsw.py changed
2677 INFO: Running Analysis Analysis-00.toc
2678 INFO: Target bytecode optimization level: 0
2678 INFO: Initializing module dependency graph...
2683 INFO: Initializing module graph hook caches...
2776 INFO: Analyzing modules for base_library.zip ...
5493 INFO: Processing standard module hook 'hook-encodings.py' from '/home/datavikingr/.local/lib/python3.13/site-packages/PyInstaller/hooks'
9025 INFO: Processing standard module hook 'hook-heapq.py' from '/home/datavikingr/.local/lib/python3.13/site-packages/PyInstaller/hooks'
19057 INFO: Processing standard module hook 'hook-pickle.py' from '/home/datavikingr/.local/lib/python3.13/site-packages/PyInstaller/hooks'
29701 INFO: Caching module dependency graph...
29954 INFO: Looking for Python shared library...
29985 INFO: Using Python shared library: /usr/lib/libpython3.13.so.1.0
29985 INFO: Analyzing /home/datavikingr/code/gsw/gsw.py
30160 INFO: Processing module hooks (post-graph stage)...
30184 INFO: Performing binary vs. data reclassification (1 entries)
30252 INFO: Looking for ctypes DLLs
30280 INFO: Analyzing run-time hooks ...
30284 INFO: Including run-time hook 'pyi_rth_inspect.py' from '/home/datavikingr/.local/lib/python3.13/site-packages/PyInstaller/hooks/rthooks'
30315 INFO: Creating base_library.zip...
30489 INFO: Looking for dynamic libraries
31762 INFO: Warnings written to /home/datavikingr/code/gsw/build/gsw/warn-gsw.txt
31817 INFO: Graph cross-reference written to /home/datavikingr/code/gsw/build/gsw/xref-gsw.html
31872 INFO: checking PYZ
31909 INFO: checking PKG
31913 INFO: Building because toc changed
31913 INFO: Building PKG (CArchive) gsw.pkg
37598 INFO: Building PKG (CArchive) gsw.pkg completed successfully.
37605 INFO: Bootloader /home/datavikingr/.local/lib/python3.13/site-packages/PyInstaller/bootloader/Linux-64bit-intel/run
37606 INFO: checking EXE
37730 INFO: Building because toc changed
37731 INFO: Building EXE from EXE-00.toc
38122 INFO: Copying bootloader EXE to /home/datavikingr/code/gsw/dist/gsw
38126 INFO: Appending PKG archive to custom ELF section in EXE
38243 INFO: Building EXE from EXE-00.toc completed successfully.
38254 INFO: Build complete! The results are available in: /home/datavikingr/code/gsw/dist
Build complete! Thanks for maintaining gsw!
🎉 All builds complete! Distributables available in dist/
Dumping this run's logs to git-tracked file: logs/most_recent.log.
=== Building PyInstaller binary ===
383 INFO: PyInstaller: 6.16.0, contrib hooks: 2025.9
385 INFO: Python: 3.13.7
390 INFO: Platform: Linux-6.16.12-hardened1-1-hardened-x86_64-with-glibc2.42
391 INFO: Python environment: /home/datavikingr/.local/share/pipx/venvs/pyinstaller
392 INFO: wrote /home/datavikingr/code/gsw/gsw.spec
398 INFO: Module search paths (PYTHONPATH):
['/usr/lib/python313.zip',
 '/usr/lib/python3.13',
 '/usr/lib/python3.13/lib-dynload',
 '/home/datavikingr/.local/share/pipx/venvs/pyinstaller/lib/python3.13/site-packages',
 '/home/datavikingr/.local/share/pipx/shared/lib/python3.13/site-packages',
 '/home/datavikingr/.local/share/pipx/venvs/pyinstaller/lib/python3.13/site-packages/setuptools/_vendor',
 '/home/datavikingr/code/gsw']
1190 INFO: checking Analysis
1264 INFO: Building because hookspath changed
1264 INFO: Looking for Python shared library...
1291 INFO: Using Python shared library: /usr/lib/libpython3.13.so.1.0
1291 INFO: Running Analysis Analysis-00.toc
1291 INFO: Target bytecode optimization level: 0
1291 INFO: Initializing module dependency graph...
1311 INFO: Initializing module graph hook caches...
1361 INFO: Analyzing modules for base_library.zip ...
7272 INFO: Processing standard module hook 'hook-encodings.py' from '/home/datavikingr/.local/share/pipx/venvs/pyinstaller/lib/python3.13/site-packages/PyInstaller/hooks'
14710 INFO: Processing standard module hook 'hook-pickle.py' from '/home/datavikingr/.local/share/pipx/venvs/pyinstaller/lib/python3.13/site-packages/PyInstaller/hooks'
24019 INFO: Processing standard module hook 'hook-heapq.py' from '/home/datavikingr/.local/share/pipx/venvs/pyinstaller/lib/python3.13/site-packages/PyInstaller/hooks'
27046 INFO: Caching module dependency graph...
27300 INFO: Analyzing /home/datavikingr/code/gsw/gsw.py
27474 INFO: Processing module hooks (post-graph stage)...
27499 INFO: Performing binary vs. data reclassification (1 entries)
27563 INFO: Looking for ctypes DLLs
27588 INFO: Analyzing run-time hooks ...
27592 INFO: Including run-time hook 'pyi_rth_inspect.py' from '/home/datavikingr/.local/share/pipx/venvs/pyinstaller/lib/python3.13/site-packages/PyInstaller/hooks/rthooks'
27620 INFO: Creating base_library.zip...
27710 INFO: Looking for dynamic libraries
28772 INFO: Warnings written to /home/datavikingr/code/gsw/build/gsw/warn-gsw.txt
28841 INFO: Graph cross-reference written to /home/datavikingr/code/gsw/build/gsw/xref-gsw.html
28896 INFO: checking PYZ
28902 INFO: Building because /usr/lib/python3.13/__future__.py changed
28902 INFO: Building PYZ (ZlibArchive) /home/datavikingr/code/gsw/build/gsw/PYZ-00.pyz
29346 INFO: Building PYZ (ZlibArchive) /home/datavikingr/code/gsw/build/gsw/PYZ-00.pyz completed successfully.
29384 INFO: checking PKG
29430 INFO: Building because toc changed
29430 INFO: Building PKG (CArchive) gsw.pkg
35378 INFO: Building PKG (CArchive) gsw.pkg completed successfully.
35562 INFO: Bootloader /home/datavikingr/.local/share/pipx/venvs/pyinstaller/lib/python3.13/site-packages/PyInstaller/bootloader/Linux-64bit-intel/run
35562 INFO: checking EXE
35810 INFO: Building because toc changed
35810 INFO: Building EXE from EXE-00.toc
35810 INFO: Copying bootloader EXE to /home/datavikingr/code/gsw/dist/gsw
35811 INFO: Appending PKG archive to custom ELF section in EXE
37604 INFO: Building EXE from EXE-00.toc completed successfully.
37610 INFO: Build complete! The results are available in: /home/datavikingr/code/gsw/dist
Build complete! Thanks for maintaining gsw!
🎉 All builds complete! Distributables available in dist/
Dumping this run's logs to git-tracked file: logs/most_recent.log.
